I'm sorry, but errors were detected in your script. Please correct the
errors listed below, and try again.


File "game/script.rpy", line 11: invalid syntax
    def robin_beep(event, **kwargs)

Ren'Py Version: Ren'Py 8.1.3.23091805
Sun Jan 14 15:49:02 2024
